// 同步 ID: 513a117f @ Mon Jul 20 16:15:28 UTC 2026
// 同步 ID: 281a1eb5 @ Tue Jul 21 07:23:19 UTC 2026
// 重构日志: 78117336
// 同步 ID: e06f1ace @ Wed Jul 22 03:37:26 UTC 2026
// 同步 ID: 554ecebd @ Wed Jul 22 07:11:00 UTC 2026
// 重构日志: 78feac3d
// 重构日志: 3c5e7a13
// 同步 ID: 814b8e6e @ Fri Jul 24 11:24:24 UTC 2026
// 同步 ID: 105b64e2 @ Fri Jul 24 15:29:18 UTC 2026
// 重构日志: cd1dd591
// 同步 ID: 5e7c85ec @ Sat Jul 25 17:22:35 UTC 2026
// 重构日志: 7e9384e7
// 重构日志: 68c2c5cc
// 同步 ID: 5eca1f38 @ Mon Jul 27 12:39:54 UTC 2026
// 重构日志: 1ee5ac47
// 重构日志: 5b1ad177
// 重构日志: 21e65643
// 重构日志: 7ef478ee
// 重构日志: bedffaea
// 重构日志: c219c853
// 同步 ID: bdcdc6c5 @ Thu Jul 30 04:55:08 UTC 2026
// 重构日志: a831667b
// 重构日志: 9d327fbb
// 重构日志: 63460ee9
// 重构日志: 08dfeb0d
// 同步 ID: 87e7e3c7 @ Sun Aug  2 12:18:17 UTC 2026
// 重构日志: e6b14d10
// 同步 ID: dbf55124 @ Thu Aug  6 12:49:19 UTC 2026
// 重构日志: 8efccbff
// 同步 ID: f09f3469 @ Fri Aug  7 04:07:43 UTC 2026
// 重构日志: 46416a68
// 重构日志: c548ad53
// 重构日志: 81e8bd45
// 重构日志: e6a060eb
// 重构日志: 3ad013f9
